ARM Linker, 5.03 [Build 76] [MDK-ARM Standard]

==============================================================================

Section Cross References

    main.o(.text) refers to _printf_percent.o(.ARM.Collect$$_printf_percent$$00000000) for _printf_percent
    main.o(.text) refers to _printf_u.o(.ARM.Collect$$_printf_percent$$0000000A) for _printf_u
    main.o(.text) refers to _printf_dec.o(.text) for _printf_int_dec
    main.o(.text) refers to rt_memcpy_w.o(.text) for __aeabi_memcpy4
    main.o(.text) refers to aeabi_sdiv.o(.text_udiv) for __aeabi_uidivmod
    main.o(.text) refers to mmu.o(.text) for MMU_Init
    main.o(.text) refers to interrupt.o(.text) for IRQ_Init
    main.o(.text) refers to hwlcd.o(.text) for LCD_CInit
    main.o(.text) refers to timer.o(.text) for Tim4_Init
    main.o(.text) refers to noretval__2sprintf.o(.text) for __2sprintf
    main.o(.text) refers to misc.o(.text) for Delay
    main.o(.text) refers to timer.o(.data) for SysTick
    s3c2410a.o(STACK) refers (Special) to heapauxi.o(.text) for __use_two_region_memory
    s3c2410a.o(HEAP) refers (Special) to heapauxi.o(.text) for __use_two_region_memory
    s3c2410a.o(RESET) refers (Special) to heapauxi.o(.text) for __use_two_region_memory
    s3c2410a.o(RESET) refers to s3c2410a.o(STACK) for Stack_Top
    s3c2410a.o(RESET) refers to __main.o(!!!main) for __main
    s3c2410a.o(.text) refers (Special) to heapauxi.o(.text) for __use_two_region_memory
    s3c2410a.o(.text) refers to s3c2410a.o(HEAP) for Heap_Mem
    s3c2410a.o(.text) refers to s3c2410a.o(STACK) for Stack_Mem
    buzz.o(.text) refers to aeabi_sdiv.o(.text_udiv) for __aeabi_uidivmod
    interface.o(.text) refers to h1_alloc.o(.text) for malloc
    interface.o(.text) refers to memset.o(.text) for memset
    interface.o(.text) refers to h1_free.o(.text) for free
    interface.o(.text) refers to hwlcd.o(.text) for LCD_String
    hwlcd.o(.text) refers to misc.o(.text) for Delayus
    hwlcd.o(.text) refers to font.o(.constdata) for Font_Ascii_5X7E
    mmu.o(.text) refers to 2410slib.o(C$$code) for MMU_DisableDCache
    retarget.o(.text) refers (Special) to use_no_semi.o(.text) for __use_no_semihosting_swi
    retarget.o(.data) refers (Special) to use_no_semi.o(.text) for __use_no_semihosting_swi
    retarget.o(.data) refers (Special) to use_no_semi.o(.text) for __use_no_semihosting_swi
    timer.o(.text) refers to aeabi_sdiv.o(.text_udiv) for __aeabi_uidivmod
    timer.o(.text) refers to interrupt.o(.text) for IRQ_RegISR
    timer.o(.text) refers to timer.o(.data) for .data
    malloc.o(.text) refers (Special) to hguard.o(.text) for __heap$guard
    malloc.o(.text) refers (Special) to init_alloc.o(.text) for _init_alloc
    malloc.o(.text) refers to rt_heap_descriptor_intlibspace.o(.text) for __rt_heap_descriptor
    malloc.o(.text) refers to heapstubs.o(.text) for __Heap_Alloc
    free.o(.text) refers (Special) to hguard.o(.text) for __heap$guard
    free.o(.text) refers to rt_heap_descriptor_intlibspace.o(.text) for __rt_heap_descriptor
    free.o(.text) refers to heapstubs.o(.text) for __Heap_Free
    h1_alloc.o(.text) refers (Special) to h1_init.o(.text) for __Heap_Initialize
    h1_alloc.o(.text) refers to rt_heap_descriptor_intlibspace.o(.text) for __rt_heap_descriptor
    h1_alloc.o(.text) refers to init_alloc.o(.text) for __Heap_Full
    h1_free.o(.text) refers to rt_heap_descriptor_intlibspace.o(.text) for __rt_heap_descriptor
    h1_alloc_mt.o(.text) refers (Special) to h1_init.o(.text) for __Heap_Initialize
    h1_alloc_mt.o(.text) refers to init_alloc.o(.text) for __Heap_Full
    h1_alloc_mt.o(.text) refers to rt_heap_descriptor_intlibspace.o(.text) for __rt_heap_descriptor
    h1_free_mt.o(.text) refers to rt_heap_descriptor_intlibspace.o(.text) for __rt_heap_descriptor
    heap2.o(i._FDIterate) refers to heap2.o(.constdata) for .constdata
    heap2.o(i.___Heap_ProvideMemory$realtime) refers to fdtree.o(i._FDTree_Delete) for _FDTree_Delete
    heap2.o(i.___Heap_ProvideMemory$realtime) refers to fdtree.o(i._FDTree_Insert) for _FDTree_Insert
    heap2.o(i.___Heap_Stats$realtime) refers to heap2.o(i._Heap2_StatsIterate) for _Heap2_StatsIterate
    heap2.o(i.___Heap_Stats$realtime) refers to aeabi_sdiv.o(.text_udiv) for __aeabi_uidivmod
    heap2.o(i.___Heap_Valid$realtime) refers to heap2.o(i._FDIterate) for _FDIterate
    heap2.o(i.___Heap_Valid$realtime) refers to heap2.o(.constdata) for .constdata
    heap2.o(i._free$realtime) refers to rt_heap_descriptor_intlibspace.o(.text) for __rt_heap_descriptor
    heap2.o(i._free$realtime) refers to fdtree.o(i._FDTree_Delete) for _FDTree_Delete
    heap2.o(i._free$realtime) refers to fdtree.o(i._FDTree_Insert) for _FDTree_Insert
    heap2.o(i._malloc$realtime) refers to rt_heap_descriptor_intlibspace.o(.text) for __rt_heap_descriptor
    heap2.o(i._malloc$realtime) refers to fdtree.o(i._FDTree_FindFirst) for _FDTree_FindFirst
    heap2.o(i._malloc$realtime) refers to init_alloc.o(.text) for __Heap_Full
    heap2.o(i._malloc$realtime) refers to fdtree.o(i._FDTree_RemoveNode) for _FDTree_RemoveNode
    heap2.o(i._malloc$realtime) refers to fdtree.o(i._FDTree_Insert) for _FDTree_Insert
    heap2.o(i._posix_memalign$realtime) refers to rt_heap_descriptor_intlibspace.o(.text) for __rt_heap_descriptor
    heap2.o(i._posix_memalign$realtime) refers to fdtree.o(i._FDTree_FindFirst) for _FDTree_FindFirst
    heap2.o(i._posix_memalign$realtime) refers to init_alloc.o(.text) for __Heap_Full
    heap2.o(i._posix_memalign$realtime) refers to fdtree.o(i._FDTree_RemoveNode) for _FDTree_RemoveNode
    heap2.o(i._posix_memalign$realtime) refers to fdtree.o(i._FDTree_Insert) for _FDTree_Insert
    heap2.o(i._realloc$realtime) refers to rt_heap_descriptor_intlibspace.o(.text) for __rt_heap_descriptor
    heap2.o(i._realloc$realtime) refers to fdtree.o(i._FDTree_Insert) for _FDTree_Insert
    heap2.o(i._realloc$realtime) refers to h1_free.o(.text) for free
    heap2.o(i._realloc$realtime) refers to h1_alloc.o(.text) for malloc
    heap2.o(i._realloc$realtime) refers to fdtree.o(i._FDTree_Delete) for _FDTree_Delete
    heap2.o(i._realloc$realtime) refers to rt_memcpy_w.o(.text) for __aeabi_memcpy4
    heap2mt.o(i._FDIterate) refers to heap2mt.o(.constdata) for .constdata
    heap2mt.o(i.___Heap_Initialize$realtime$concurrent) refers to mutex_dummy.o(.text) for _mutex_initialize
    heap2mt.o(i.___Heap_ProvideMemory$realtime$concurrent) refers to fdtree.o(i._FDTree_Delete) for _FDTree_Delete
    heap2mt.o(i.___Heap_ProvideMemory$realtime$concurrent) refers to fdtree.o(i._FDTree_Insert) for _FDTree_Insert
    heap2mt.o(i.___Heap_Stats$realtime$concurrent) refers to heap2mt.o(i._Heap2_StatsIterate) for _Heap2_StatsIterate
    heap2mt.o(i.___Heap_Stats$realtime$concurrent) refers to aeabi_sdiv.o(.text_udiv) for __aeabi_uidivmod
    heap2mt.o(i.___Heap_Valid$realtime$concurrent) refers to heap2mt.o(i._FDIterate) for _FDIterate
    heap2mt.o(i.___Heap_Valid$realtime$concurrent) refers to heap2mt.o(.constdata) for .constdata
    heap2mt.o(i._free$realtime$concurrent) refers to rt_heap_descriptor_intlibspace.o(.text) for __rt_heap_descriptor
    heap2mt.o(i._free$realtime$concurrent) refers to fdtree.o(i._FDTree_Delete) for _FDTree_Delete
    heap2mt.o(i._free$realtime$concurrent) refers to fdtree.o(i._FDTree_Insert) for _FDTree_Insert
    heap2mt.o(i._malloc$realtime$concurrent) refers to rt_heap_descriptor_intlibspace.o(.text) for __rt_heap_descriptor
    heap2mt.o(i._malloc$realtime$concurrent) refers to fdtree.o(i._FDTree_FindFirst) for _FDTree_FindFirst
    heap2mt.o(i._malloc$realtime$concurrent) refers to init_alloc.o(.text) for __Heap_Full
    heap2mt.o(i._malloc$realtime$concurrent) refers to fdtree.o(i._FDTree_RemoveNode) for _FDTree_RemoveNode
    heap2mt.o(i._malloc$realtime$concurrent) refers to fdtree.o(i._FDTree_Insert) for _FDTree_Insert
    heap2mt.o(i._posix_memalign$realtime$concurrent) refers to rt_heap_descriptor_intlibspace.o(.text) for __rt_heap_descriptor
    heap2mt.o(i._posix_memalign$realtime$concurrent) refers to fdtree.o(i._FDTree_FindFirst) for _FDTree_FindFirst
    heap2mt.o(i._posix_memalign$realtime$concurrent) refers to init_alloc.o(.text) for __Heap_Full
    heap2mt.o(i._posix_memalign$realtime$concurrent) refers to fdtree.o(i._FDTree_RemoveNode) for _FDTree_RemoveNode
    heap2mt.o(i._posix_memalign$realtime$concurrent) refers to fdtree.o(i._FDTree_Insert) for _FDTree_Insert
    heap2mt.o(i._realloc$realtime$concurrent) refers to rt_heap_descriptor_intlibspace.o(.text) for __rt_heap_descriptor
    heap2mt.o(i._realloc$realtime$concurrent) refers to fdtree.o(i._FDTree_Insert) for _FDTree_Insert
    heap2mt.o(i._realloc$realtime$concurrent) refers to h1_free.o(.text) for free
    heap2mt.o(i._realloc$realtime$concurrent) refers to h1_alloc.o(.text) for malloc
    heap2mt.o(i._realloc$realtime$concurrent) refers to fdtree.o(i._FDTree_Delete) for _FDTree_Delete
    heap2mt.o(i._realloc$realtime$concurrent) refers to rt_memcpy_w.o(.text) for __aeabi_memcpy4
    __2sprintf.o(.text) refers to _printf_char_common.o(.text) for _printf_char_common
    __2sprintf.o(.text) refers to _sputc.o(.text) for _sputc
    noretval__2sprintf.o(.text) refers to _printf_char_common.o(.text) for _printf_char_common
    noretval__2sprintf.o(.text) refers to _sputc.o(.text) for _sputc
    __printf.o(.text) refers to _printf_percent.o(.ARM.Collect$$_printf_percent$$00000000) for _printf_percent
    _printf_dec.o(.text) refers to rtudiv10.o(.text) for __rt_udiv10
    _printf_dec.o(.text) refers to _printf_intcommon.o(.text) for _printf_int_common
    __printf_flags.o(.text) refers to _printf_percent.o(.ARM.Collect$$_printf_percent$$00000000) for _printf_percent
    __printf_flags.o(.text) refers to __printf_flags.o(.constdata) for .constdata
    __printf_ss.o(.text) refers to _printf_percent.o(.ARM.Collect$$_printf_percent$$00000000) for _printf_percent
    __printf_flags_ss.o(.text) refers to _printf_percent.o(.ARM.Collect$$_printf_percent$$00000000) for _printf_percent
    __printf_flags_ss.o(.text) refers to __printf_flags_ss.o(.constdata) for .constdata
    __printf_wp.o(.text) refers to _printf_percent.o(.ARM.Collect$$_printf_percent$$00000000) for _printf_percent
    __printf_flags_wp.o(.text) refers to _printf_percent.o(.ARM.Collect$$_printf_percent$$00000000) for _printf_percent
    __printf_flags_wp.o(.text) refers to __printf_flags_wp.o(.constdata) for .constdata
    __printf_ss_wp.o(.text) refers to _printf_percent.o(.ARM.Collect$$_printf_percent$$00000000) for _printf_percent
    __printf_flags_ss_wp.o(.text) refers to _printf_percent.o(.ARM.Collect$$_printf_percent$$00000000) for _printf_percent
    __printf_flags_ss_wp.o(.text) refers to __printf_flags_ss_wp.o(.constdata) for .constdata
    _printf_u.o(.ARM.Collect$$_printf_percent$$0000000A) refers (Weak) to _printf_dec.o(.text) for _printf_int_dec
    _printf_percent.o(.ARM.Collect$$_printf_percent$$00000000) refers (Special) to _printf_percent_end.o(.ARM.Collect$$_printf_percent$$00000017) for _printf_percent_end
    memset.o(.text) refers to rt_memclr.o(.text) for _memset
    aeabi_sdiv.o(.text_udiv) refers to aeabi_sdiv.o(.text) for __arm_div2
    aeabi_sdiv_div0.o(.text_udiv) refers to aeabi_sdiv_div0.o(.text) for __arm_div2
    __main.o(!!!main) refers to rtentry.o(.ARM.Collect$$rtentry$$00000000) for __rt_entry
    rtentry.o(.ARM.Collect$$rtentry$$00000000) refers (Special) to rtentry2.o(.ARM.Collect$$rtentry$$0000000A) for __rt_entry_li
    rtentry.o(.ARM.Collect$$rtentry$$00000000) refers (Special) to rtentry2.o(.ARM.Collect$$rtentry$$0000000D) for __rt_entry_main
    rtentry.o(.ARM.Collect$$rtentry$$00000000) refers (Special) to rtentry2.o(.ARM.Collect$$rtentry$$0000000C) for __rt_entry_postli_1
    rtentry.o(.ARM.Collect$$rtentry$$00000000) refers (Special) to rtentry2.o(.ARM.Collect$$rtentry$$00000009) for __rt_entry_postsh_1
    rtentry.o(.ARM.Collect$$rtentry$$00000000) refers (Special) to rtentry2.o(.ARM.Collect$$rtentry$$00000002) for __rt_entry_presh_1
    rtentry.o(.ARM.Collect$$rtentry$$00000000) refers (Special) to rtentry4.o(.ARM.Collect$$rtentry$$00000004) for __rt_entry_sh
    aeabi_idiv0_sigfpe.o(.text) refers to rt_div0.o(.text) for __rt_div0
    rt_heap_descriptor.o(.text) refers to rt_heap_descriptor.o(.bss) for __rt_heap_descriptor_data
    rt_heap_descriptor_intlibspace.o(.text) refers to libspace.o(.bss) for __libspace_start
    init_alloc.o(.text) refers (Special) to hguard.o(.text) for __heap$guard
    init_alloc.o(.text) refers (Special) to libinit2.o(.ARM.Collect$$libinit$$00000003) for __rt_lib_init_heap_2
    init_alloc.o(.text) refers (Special) to maybetermalloc1.o(.emb_text) for _maybe_terminate_alloc
    init_alloc.o(.text) refers to h1_extend.o(.text) for __Heap_ProvideMemory
    init_alloc.o(.text) refers to defsig_rtmem_outer.o(.text) for __rt_SIGRTMEM
    init_alloc.o(.text) refers to rt_heap_descriptor_intlibspace.o(.text) for __rt_heap_descriptor
    init_alloc.o(.text) refers to h1_init.o(.text) for __Heap_Initialize
    h1_init_mt.o(.text) refers to mutex_dummy.o(.text) for _mutex_initialize
    _printf_char_common.o(.text) refers to __printf.o(.text) for __printf
    rt_memclr.o(.text) refers to rt_memclr_w.o(.text) for _memset_w
    _get_argv.o(.text) refers (Special) to hrguard.o(.text) for __heap_region$guard
    _get_argv.o(.text) refers to h1_alloc.o(.text) for malloc
    _get_argv.o(.text) refers to defsig_rtmem_outer.o(.text) for __rt_SIGRTMEM
    _get_argv.o(.text) refers to sys_command.o(.text) for _sys_command_string
    libinit2.o(.ARM.Collect$$libinit$$00000003) refers (Weak) to init_alloc.o(.text) for _init_alloc
    libinit2.o(.ARM.Collect$$libinit$$0000000E) refers to libinit2.o(.ARM.Collect$$libinit$$0000000D) for .ARM.Collect$$libinit$$0000000D
    libinit2.o(.ARM.Collect$$libinit$$00000010) refers to libinit2.o(.ARM.Collect$$libinit$$0000000D) for .ARM.Collect$$libinit$$0000000D
    libinit2.o(.ARM.Collect$$libinit$$00000012) refers to libinit2.o(.ARM.Collect$$libinit$$0000000D) for .ARM.Collect$$libinit$$0000000D
    libinit2.o(.ARM.Collect$$libinit$$00000014) refers to libinit2.o(.ARM.Collect$$libinit$$0000000D) for .ARM.Collect$$libinit$$0000000D
    libinit2.o(.ARM.Collect$$libinit$$00000016) refers to libinit2.o(.ARM.Collect$$libinit$$0000000D) for .ARM.Collect$$libinit$$0000000D
    libinit2.o(.ARM.Collect$$libinit$$00000024) refers to argv_veneer.o(.emb_text) for __ARM_argv_veneer
    libinit2.o(.ARM.Collect$$libinit$$00000025) refers to argv_veneer.o(.emb_text) for __ARM_argv_veneer
    sys_command.o(.text) refers (Special) to use_no_semi.o(.text) for __I$use$semihosting
    sys_command.o(.text) refers (Special) to indicate_semi.o(.text) for __semihosting_library_function
    libspace.o(.text) refers to libspace.o(.bss) for __libspace_start
    rtentry2.o(.ARM.Collect$$rtentry$$00000008) refers to boardinit2.o(.text) for _platform_post_stackheap_init
    rtentry2.o(.ARM.Collect$$rtentry$$0000000A) refers to libinit.o(.ARM.Collect$$libinit$$00000000) for __rt_lib_init
    rtentry2.o(.ARM.Collect$$rtentry$$0000000B) refers to boardinit3.o(.text) for _platform_post_lib_init
    rtentry2.o(.ARM.Collect$$rtentry$$0000000D) refers to main.o(.text) for main
    rtentry2.o(.ARM.Collect$$rtentry$$0000000D) refers to exit.o(.text) for exit
    rtentry2.o(.ARM.exidx) refers to rtentry2.o(.ARM.Collect$$rtentry$$00000001) for .ARM.Collect$$rtentry$$00000001
    rtentry2.o(.ARM.exidx) refers to rtentry2.o(.ARM.Collect$$rtentry$$00000008) for .ARM.Collect$$rtentry$$00000008
    rtentry2.o(.ARM.exidx) refers to rtentry2.o(.ARM.Collect$$rtentry$$0000000A) for .ARM.Collect$$rtentry$$0000000A
    rtentry2.o(.ARM.exidx) refers to rtentry2.o(.ARM.Collect$$rtentry$$0000000B) for .ARM.Collect$$rtentry$$0000000B
    rtentry2.o(.ARM.exidx) refers to rtentry2.o(.ARM.Collect$$rtentry$$0000000D) for .ARM.Collect$$rtentry$$0000000D
    rtentry4.o(.ARM.Collect$$rtentry$$00000004) refers to sys_stackheap_outer.o(.text) for __user_setup_stackheap
    rtentry4.o(.ARM.exidx) refers to rtentry4.o(.ARM.Collect$$rtentry$$00000004) for .ARM.Collect$$rtentry$$00000004
    rt_div0.o(.text) refers to defsig_fpe_outer.o(.text) for __rt_SIGFPE
    maybetermalloc2.o(.emb_text) refers (Special) to term_alloc.o(.text) for _terminate_alloc
    h1_extend.o(.text) refers to h1_free.o(.text) for free
    h1_extend_mt.o(.text) refers to h1_free_mt.o(.text) for _free_internal
    defsig_rtmem_outer.o(.text) refers to defsig_rtmem_inner.o(.text) for __rt_SIGRTMEM_inner
    defsig_rtmem_outer.o(.text) refers to defsig_exit.o(.text) for __sig_exit
    defsig_rtmem_formal.o(.text) refers to rt_raise.o(.text) for __rt_raise
    heapauxa.o(.text) refers to heapauxa.o(.data) for .data
    argv_veneer.o(.emb_text) refers to no_argv.o(.text) for __ARM_get_argv
    sys_stackheap_outer.o(.text) refers to libspace.o(.text) for __user_perproc_libspace
    sys_stackheap_outer.o(.text) refers to s3c2410a.o(.text) for __user_initial_stackheap
    rt_raise.o(.text) refers to __raise.o(.text) for __raise
    rt_raise.o(.text) refers to retarget.o(.text) for _sys_exit
    term_alloc.o(.text) refers (Special) to libshutdown2.o(.ARM.Collect$$libshutdown$$0000000D) for __rt_lib_shutdown_heap_2
    term_alloc.o(.text) refers to rt_heap_descriptor_intlibspace.o(.text) for __rt_heap_descriptor
    term_alloc.o(.text) refers to h1_final.o(.text) for __Heap_Finalize
    exit.o(.text) refers to rtexit.o(.ARM.Collect$$rtexit$$00000000) for __rt_exit
    defsig_exit.o(.text) refers to retarget.o(.text) for _sys_exit
    defsig_fpe_outer.o(.text) refers to defsig_fpe_inner.o(.text) for __rt_SIGFPE_inner
    defsig_fpe_outer.o(.text) refers to defsig_exit.o(.text) for __sig_exit
    defsig_fpe_formal.o(.text) refers to rt_raise.o(.text) for __rt_raise
    defsig_rtmem_inner.o(.text) refers to defsig_general.o(.text) for __default_signal_display
    _get_argv_nomalloc.o(.text) refers (Special) to hrguard.o(.text) for __heap_region$guard
    _get_argv_nomalloc.o(.text) refers to defsig_rtmem_outer.o(.text) for __rt_SIGRTMEM
    _get_argv_nomalloc.o(.text) refers to sys_command.o(.text) for _sys_command_string
    libinit.o(.ARM.Collect$$libinit$$00000000) refers (Special) to libinit2.o(.ARM.Collect$$libinit$$0000002C) for __rt_lib_init_alloca_1
    libinit.o(.ARM.Collect$$libinit$$00000000) refers (Special) to libinit2.o(.ARM.Collect$$libinit$$0000002A) for __rt_lib_init_argv_1
    libinit.o(.ARM.Collect$$libinit$$00000000) refers (Special) to libinit2.o(.ARM.Collect$$libinit$$00000019) for __rt_lib_init_atexit_1
    libinit.o(.ARM.Collect$$libinit$$00000000) refers (Special) to libinit2.o(.ARM.Collect$$libinit$$0000001F) for __rt_lib_init_clock_1
    libinit.o(.ARM.Collect$$libinit$$00000000) refers (Special) to libinit2.o(.ARM.Collect$$libinit$$00000030) for __rt_lib_init_cpp_1
    libinit.o(.ARM.Collect$$libinit$$00000000) refers (Special) to libinit2.o(.ARM.Collect$$libinit$$0000002E) for __rt_lib_init_exceptions_1
    libinit.o(.ARM.Collect$$libinit$$00000000) refers (Special) to libinit2.o(.ARM.Collect$$libinit$$00000002) for __rt_lib_init_fp_1
    libinit.o(.ARM.Collect$$libinit$$00000000) refers (Special) to libinit2.o(.ARM.Collect$$libinit$$0000001D) for __rt_lib_init_fp_trap_1
    libinit.o(.ARM.Collect$$libinit$$00000000) refers (Special) to libinit2.o(.ARM.Collect$$libinit$$00000021) for __rt_lib_init_getenv_1
    libinit.o(.ARM.Collect$$libinit$$00000000) refers (Special) to libinit2.o(.ARM.Collect$$libinit$$00000008) for __rt_lib_init_heap_1
    libinit.o(.ARM.Collect$$libinit$$00000000) refers (Special) to libinit2.o(.ARM.Collect$$libinit$$0000000F) for __rt_lib_init_lc_collate_1
    libinit.o(.ARM.Collect$$libinit$$00000000) refers (Special) to libinit2.o(.ARM.Collect$$libinit$$00000011) for __rt_lib_init_lc_ctype_1
    libinit.o(.ARM.Collect$$libinit$$00000000) refers (Special) to libinit2.o(.ARM.Collect$$libinit$$00000013) for __rt_lib_init_lc_monetary_1
    libinit.o(.ARM.Collect$$libinit$$00000000) refers (Special) to libinit2.o(.ARM.Collect$$libinit$$00000015) for __rt_lib_init_lc_numeric_1
    libinit.o(.ARM.Collect$$libinit$$00000000) refers (Special) to libinit2.o(.ARM.Collect$$libinit$$00000017) for __rt_lib_init_lc_time_1
    libinit.o(.ARM.Collect$$libinit$$00000000) refers (Special) to libinit2.o(.ARM.Collect$$libinit$$0000000C) for __rt_lib_init_rand_1
    libinit.o(.ARM.Collect$$libinit$$00000000) refers (Special) to libinit2.o(.ARM.Collect$$libinit$$00000031) for __rt_lib_init_return
    libinit.o(.ARM.Collect$$libinit$$00000000) refers (Special) to libinit2.o(.ARM.Collect$$libinit$$0000001B) for __rt_lib_init_signal_1
    libinit.o(.ARM.Collect$$libinit$$00000000) refers (Special) to libinit2.o(.ARM.Collect$$libinit$$00000023) for __rt_lib_init_stdio_1
    libinit.o(.ARM.Collect$$libinit$$00000000) refers (Special) to libinit2.o(.ARM.Collect$$libinit$$0000000A) for __rt_lib_init_user_alloc_1
    rtexit.o(.ARM.Collect$$rtexit$$00000000) refers (Special) to rtexit2.o(.ARM.Collect$$rtexit$$00000004) for __rt_exit_exit
    rtexit.o(.ARM.Collect$$rtexit$$00000000) refers (Special) to rtexit2.o(.ARM.Collect$$rtexit$$00000003) for __rt_exit_ls
    rtexit.o(.ARM.Collect$$rtexit$$00000000) refers (Special) to rtexit2.o(.ARM.Collect$$rtexit$$00000002) for __rt_exit_prels_1
    rtexit.o(.ARM.exidx) refers (Special) to rtexit2.o(.ARM.Collect$$rtexit$$00000004) for __rt_exit_exit
    rtexit.o(.ARM.exidx) refers (Special) to rtexit2.o(.ARM.Collect$$rtexit$$00000003) for __rt_exit_ls
    rtexit.o(.ARM.exidx) refers (Special) to rtexit2.o(.ARM.Collect$$rtexit$$00000002) for __rt_exit_prels_1
    rtexit.o(.ARM.exidx) refers to rtexit.o(.ARM.Collect$$rtexit$$00000000) for .ARM.Collect$$rtexit$$00000000
    __raise.o(.text) refers to defsig.o(CL$$defsig) for __default_signal_handler
    defsig_general.o(.text) refers to retarget.o(.text) for _ttywrch
    defsig_fpe_inner.o(.text) refers to defsig_general.o(.text) for __default_signal_display
    libshutdown2.o(.ARM.Collect$$libshutdown$$0000000C) refers (Weak) to term_alloc.o(.text) for _terminate_alloc
    rtexit2.o(.ARM.Collect$$rtexit$$00000003) refers to libshutdown.o(.ARM.Collect$$libshutdown$$00000000) for __rt_lib_shutdown
    rtexit2.o(.ARM.Collect$$rtexit$$00000004) refers to retarget.o(.text) for _sys_exit
    rtexit2.o(.ARM.exidx) refers to rtexit2.o(.ARM.Collect$$rtexit$$00000001) for .ARM.Collect$$rtexit$$00000001
    rtexit2.o(.ARM.exidx) refers to rtexit2.o(.ARM.Collect$$rtexit$$00000003) for .ARM.Collect$$rtexit$$00000003
    rtexit2.o(.ARM.exidx) refers to rtexit2.o(.ARM.Collect$$rtexit$$00000004) for .ARM.Collect$$rtexit$$00000004
    defsig.o(CL$$defsig) refers to defsig_fpe_inner.o(.text) for __rt_SIGFPE_inner
    defsig.o(CL$$defsig) refers to defsig_rtmem_inner.o(.text) for __rt_SIGRTMEM_inner
    defsig_abrt_inner.o(.text) refers to defsig_general.o(.text) for __default_signal_display
    defsig_rtred_inner.o(.text) refers to defsig_general.o(.text) for __default_signal_display
    defsig_stak_inner.o(.text) refers to defsig_general.o(.text) for __default_signal_display
    defsig_pvfn_inner.o(.text) refers to defsig_general.o(.text) for __default_signal_display
    defsig_cppl_inner.o(.text) refers to defsig_general.o(.text) for __default_signal_display
    defsig_segv_inner.o(.text) refers to defsig_general.o(.text) for __default_signal_display
    defsig_other.o(.text) refers to defsig_general.o(.text) for __default_signal_display
    libshutdown.o(.ARM.Collect$$libshutdown$$00000000) refers (Special) to libshutdown2.o(.ARM.Collect$$libshutdown$$00000006) for __rt_lib_shutdown_fp_trap_1
    libshutdown.o(.ARM.Collect$$libshutdown$$00000000) refers (Special) to libshutdown2.o(.ARM.Collect$$libshutdown$$0000000E) for __rt_lib_shutdown_heap_1
    libshutdown.o(.ARM.Collect$$libshutdown$$00000000) refers (Special) to libshutdown2.o(.ARM.Collect$$libshutdown$$0000000F) for __rt_lib_shutdown_return
    libshutdown.o(.ARM.Collect$$libshutdown$$00000000) refers (Special) to libshutdown2.o(.ARM.Collect$$libshutdown$$00000009) for __rt_lib_shutdown_signal_1
    libshutdown.o(.ARM.Collect$$libshutdown$$00000000) refers (Special) to libshutdown2.o(.ARM.Collect$$libshutdown$$00000003) for __rt_lib_shutdown_stdio_1
    libshutdown.o(.ARM.Collect$$libshutdown$$00000000) refers (Special) to libshutdown2.o(.ARM.Collect$$libshutdown$$0000000B) for __rt_lib_shutdown_user_alloc_1


==============================================================================

Removing Unused input sections from the image.

    Removing buzz.o(.text), (216 bytes).
    Removing interface.o(.text), (68 bytes).
    Removing key.o(.text), (28 bytes).
    Removing retarget.o(.data), (4 bytes).
    Removing retarget.o(.data), (4 bytes).

5 unused section(s) (total 320 bytes) removed from the image.

==============================================================================

Image Symbol Table

    Local Symbols

    Symbol Name                              Value     Ov Type        Size  Object(Section)

    RESET                                    0x00000000   Section      512  s3c2410a.o(RESET)
    ../clib/angel/boardlib.s                 0x00000000   Number         0  boardshut.o ABSOLUTE
    ../clib/angel/boardlib.s                 0x00000000   Number         0  boardinit2.o ABSOLUTE
    ../clib/angel/boardlib.s                 0x00000000   Number         0  boardinit1.o ABSOLUTE
    ../clib/angel/boardlib.s                 0x00000000   Number         0  boardinit3.o ABSOLUTE
    ../clib/angel/handlers.s                 0x00000000   Number         0  __scatter_copy.o ABSOLUTE
    ../clib/angel/handlers.s                 0x00000000   Number         0  __scatter_zi.o ABSOLUTE
    ../clib/angel/kernel.s                   0x00000000   Number         0  rtentry4.o ABSOLUTE
    ../clib/angel/kernel.s                   0x00000000   Number         0  rtentry.o ABSOLUTE
    ../clib/angel/kernel.s                   0x00000000   Number         0  rtexit2.o ABSOLUTE
    ../clib/angel/kernel.s                   0x00000000   Number         0  rtentry2.o ABSOLUTE
    ../clib/angel/kernel.s                   0x00000000   Number         0  rtexit.o ABSOLUTE
    ../clib/angel/rt.s                       0x00000000   Number         0  rt_heap_descriptor_intlibspace.o ABSOLUTE
    ../clib/angel/rt.s                       0x00000000   Number         0  aeabi_idiv0.o ABSOLUTE
    ../clib/angel/rt.s                       0x00000000   Number         0  aeabi_idiv0_sigfpe.o ABSOLUTE
    ../clib/angel/rt.s                       0x00000000   Number         0  rt_heap_descriptor.o ABSOLUTE
    ../clib/angel/rt.s                       0x00000000   Number         0  rt_raise.o ABSOLUTE
    ../clib/angel/rt.s                       0x00000000   Number         0  rt_div0.o ABSOLUTE
    ../clib/angel/scatter.s                  0x00000000   Number         0  __scatter.o ABSOLUTE
    ../clib/angel/startup.s                  0x00000000   Number         0  __main.o ABSOLUTE
    ../clib/angel/sys.s                      0x00000000   Number         0  libspace.o ABSOLUTE
    ../clib/angel/sys.s                      0x00000000   Number         0  mutex_dummy.o ABSOLUTE
    ../clib/angel/sys.s                      0x00000000   Number         0  sys_stackheap_outer.o ABSOLUTE
    ../clib/angel/sys.s                      0x00000000   Number         0  indicate_semi.o ABSOLUTE
    ../clib/angel/sys.s                      0x00000000   Number         0  use_no_semi.o ABSOLUTE
    ../clib/angel/sysapp.c                   0x00000000   Number         0  sys_command.o ABSOLUTE
    ../clib/armsys.c                         0x00000000   Number         0  no_argv.o ABSOLUTE
    ../clib/armsys.c                         0x00000000   Number         0  _get_argv_nomalloc.o ABSOLUTE
    ../clib/armsys.c                         0x00000000   Number         0  _get_argv.o ABSOLUTE
    ../clib/armsys.c                         0x00000000   Number         0  argv_veneer.o ABSOLUTE
    ../clib/armsys.c                         0x00000000   Number         0  argv_veneer.o ABSOLUTE
    ../clib/division.s                       0x00000000   Number         0  aeabi_sdiv_div0.o ABSOLUTE
    ../clib/division.s                       0x00000000   Number         0  rtudiv10.o ABSOLUTE
    ../clib/division.s                       0x00000000   Number         0  aeabi_sdiv.o ABSOLUTE
    ../clib/divrt.s                          0x00000000   Number         0  divrt_7tdmi.o ABSOLUTE
    ../clib/divrt.s                          0x00000000   Number         0  divrt_7tdmi_div0.o ABSOLUTE
    ../clib/heap1.c                          0x00000000   Number         0  h1_extend.o ABSOLUTE
    ../clib/heap1.c                          0x00000000   Number         0  h1_init.o ABSOLUTE
    ../clib/heap1.c                          0x00000000   Number         0  h1_final.o ABSOLUTE
    ../clib/heap1.c                          0x00000000   Number         0  h1_final_mt.o ABSOLUTE
    ../clib/heap1.c                          0x00000000   Number         0  h1_init_mt.o ABSOLUTE
    ../clib/heap1.c                          0x00000000   Number         0  h1_extend_mt.o ABSOLUTE
    ../clib/heap1.c                          0x00000000   Number         0  h1_alloc.o ABSOLUTE
    ../clib/heap1.c                          0x00000000   Number         0  h1_free.o ABSOLUTE
    ../clib/heap1.c                          0x00000000   Number         0  h1_alloc_mt.o ABSOLUTE
    ../clib/heap1.c                          0x00000000   Number         0  h1_free_mt.o ABSOLUTE
    ../clib/heap2.c                          0x00000000   Number         0  fdtree.o ABSOLUTE
    ../clib/heap2.c                          0x00000000   Number         0  heap2.o ABSOLUTE
    ../clib/heap2.c                          0x00000000   Number         0  heap2mt.o ABSOLUTE
    ../clib/heapalloc.c                      0x00000000   Number         0  maybetermalloc1.o ABSOLUTE
    ../clib/heapalloc.c                      0x00000000   Number         0  hrguard.o ABSOLUTE
    ../clib/heapalloc.c                      0x00000000   Number         0  hguard.o ABSOLUTE
    ../clib/heapalloc.c                      0x00000000   Number         0  init_alloc.o ABSOLUTE
    ../clib/heapalloc.c                      0x00000000   Number         0  heapstubs.o ABSOLUTE
    ../clib/heapalloc.c                      0x00000000   Number         0  term_alloc.o ABSOLUTE
    ../clib/heapalloc.c                      0x00000000   Number         0  malloc.o ABSOLUTE
    ../clib/heapalloc.c                      0x00000000   Number         0  free.o ABSOLUTE
    ../clib/heapalloc.c                      0x00000000   Number         0  maybetermalloc2.o ABSOLUTE
    ../clib/heapalloc.c                      0x00000000   Number         0  maybetermalloc2.o ABSOLUTE
    ../clib/heapalloc.c                      0x00000000   Number         0  maybetermalloc1.o ABSOLUTE
    ../clib/heapaux.c                        0x00000000   Number         0  heapauxi.o ABSOLUTE
    ../clib/heapaux.c                        0x00000000   Number         0  heapauxa.o ABSOLUTE
    ../clib/libinit.s                        0x00000000   Number         0  libshutdown.o ABSOLUTE
    ../clib/libinit.s                        0x00000000   Number         0  libshutdown2.o ABSOLUTE
    ../clib/libinit.s                        0x00000000   Number         0  libinit2.o ABSOLUTE
    ../clib/libinit.s                        0x00000000   Number         0  libinit.o ABSOLUTE
    ../clib/memcpset.s                       0x00000000   Number         0  rt_memcpy_w.o ABSOLUTE
    ../clib/memcpset.s                       0x00000000   Number         0  rt_memclr.o ABSOLUTE
    ../clib/memcpset.s                       0x00000000   Number         0  memset.o ABSOLUTE
    ../clib/memcpset.s                       0x00000000   Number         0  rt_memclr_w.o ABSOLUTE
    ../clib/printf.c                         0x00000000   Number         0  __printf_nopercent.o ABSOLUTE
    ../clib/printf.c                         0x00000000   Number         0  _sputc.o ABSOLUTE
    ../clib/printf.c                         0x00000000   Number         0  __printf_ss.o ABSOLUTE
    ../clib/printf.c                         0x00000000   Number         0  __printf_flags.o ABSOLUTE
    ../clib/printf.c                         0x00000000   Number         0  _printf_dec.o ABSOLUTE
    ../clib/printf.c                         0x00000000   Number         0  _printf_char_common.o ABSOLUTE
    ../clib/printf.c                         0x00000000   Number         0  __printf_flags_ss.o ABSOLUTE
    ../clib/printf.c                         0x00000000   Number         0  __printf_wp.o ABSOLUTE
    ../clib/printf.c                         0x00000000   Number         0  __printf_flags_wp.o ABSOLUTE
    ../clib/printf.c                         0x00000000   Number         0  __printf_ss_wp.o ABSOLUTE
    ../clib/printf.c                         0x00000000   Number         0  noretval__2sprintf.o ABSOLUTE
    ../clib/printf.c                         0x00000000   Number         0  __2sprintf.o ABSOLUTE
    ../clib/printf.c                         0x00000000   Number         0  __printf.o ABSOLUTE
    ../clib/printf.c                         0x00000000   Number         0  _printf_intcommon.o ABSOLUTE
    ../clib/printf.c                         0x00000000   Number         0  __printf_flags_ss_wp.o ABSOLUTE
    ../clib/printf_percent.s                 0x00000000   Number         0  _printf_percent.o ABSOLUTE
    ../clib/printf_percent.s                 0x00000000   Number         0  _printf_u.o ABSOLUTE
    ../clib/printf_percent.s                 0x00000000   Number         0  _printf_percent_end.o ABSOLUTE
    ../clib/signal.c                         0x00000000   Number         0  defsig_rtmem_inner.o ABSOLUTE
    ../clib/signal.c                         0x00000000   Number         0  defsig_exit.o ABSOLUTE
    ../clib/signal.c                         0x00000000   Number         0  defsig_fpe_outer.o ABSOLUTE
    ../clib/signal.c                         0x00000000   Number         0  defsig_rtmem_outer.o ABSOLUTE
    ../clib/signal.c                         0x00000000   Number         0  defsig_cppl_inner.o ABSOLUTE
    ../clib/signal.c                         0x00000000   Number         0  defsig_rtmem_formal.o ABSOLUTE
    ../clib/signal.c                         0x00000000   Number         0  defsig_rtred_inner.o ABSOLUTE
    ../clib/signal.c                         0x00000000   Number         0  defsig_stak_inner.o ABSOLUTE
    ../clib/signal.c                         0x00000000   Number         0  defsig_general.o ABSOLUTE
    ../clib/signal.c                         0x00000000   Number         0  defsig_fpe_formal.o ABSOLUTE
    ../clib/signal.c                         0x00000000   Number         0  defsig_fpe_inner.o ABSOLUTE
    ../clib/signal.c                         0x00000000   Number         0  __raise.o ABSOLUTE
    ../clib/signal.c                         0x00000000   Number         0  defsig_other.o ABSOLUTE
    ../clib/signal.c                         0x00000000   Number         0  defsig_pvfn_inner.o ABSOLUTE
    ../clib/signal.c                         0x00000000   Number         0  defsig_abrt_inner.o ABSOLUTE
    ../clib/signal.c                         0x00000000   Number         0  defsig_segv_inner.o ABSOLUTE
    ../clib/signal.s                         0x00000000   Number         0  defsig.o ABSOLUTE
    ../clib/stdlib.c                         0x00000000   Number         0  exit.o ABSOLUTE
    ../fplib/fpinit.s                        0x00000000   Number         0  fpinit.o ABSOLUTE
    ..\src\2410addr.s                        0x00000000   Number         0  2410addr.o ABSOLUTE
    ..\src\2410slib.s                        0x00000000   Number         0  2410slib.o ABSOLUTE
    ..\src\Retarget.c                        0x00000000   Number         0  retarget.o ABSOLUTE
    ..\src\S3C2410A.s                        0x00000000   Number         0  s3c2410a.o ABSOLUTE
    ..\src\buzz.c                            0x00000000   Number         0  buzz.o ABSOLUTE
    ..\src\font.c                            0x00000000   Number         0  font.o ABSOLUTE
    ..\src\hwlcd.c                           0x00000000   Number         0  hwlcd.o ABSOLUTE
    ..\src\interface.c                       0x00000000   Number         0  interface.o ABSOLUTE
    ..\src\interrupt.c                       0x00000000   Number         0  interrupt.o ABSOLUTE
    ..\src\key.c                             0x00000000   Number         0  key.o ABSOLUTE
    ..\src\main.c                            0x00000000   Number         0  main.o ABSOLUTE
    ..\src\misc.c                            0x00000000   Number         0  misc.o ABSOLUTE
    ..\src\mmu.c                             0x00000000   Number         0  mmu.o ABSOLUTE
    ..\src\option.s                          0x00000000   Number         0  option.o ABSOLUTE
    ..\src\timer.c                           0x00000000   Number         0  timer.o ABSOLUTE
    dc.s                                     0x00000000   Number         0  dc.o ABSOLUTE
    Undef_Handler                            0x00000064   ARM Code       4  s3c2410a.o(RESET)
    SWI_Handler                              0x00000068   ARM Code       4  s3c2410a.o(RESET)
    PAbt_Handler                             0x0000006c   ARM Code       4  s3c2410a.o(RESET)
    DAbt_Handler                             0x00000070   ARM Code       4  s3c2410a.o(RESET)
    IRQ_Handler                              0x00000074   ARM Code       4  s3c2410a.o(RESET)
    FIQ_Handler                              0x00000078   ARM Code       4  s3c2410a.o(RESET)
    !!!main                                  0x00000200   Section        8  __main.o(!!!main)
    !!!scatter                               0x00000208   Section       60  __scatter.o(!!!scatter)
    !!handler_copy                           0x00000244   Section       40  __scatter_copy.o(!!handler_copy)
    !!handler_zi                             0x0000026c   Section       44  __scatter_zi.o(!!handler_zi)
    .ARM.Collect$$_printf_percent$$00000000  0x00000298   Section        0  _printf_percent.o(.ARM.Collect$$_printf_percent$$00000000)
    .ARM.Collect$$_printf_percent$$0000000A  0x00000298   Section        8  _printf_u.o(.ARM.Collect$$_printf_percent$$0000000A)
    .ARM.Collect$$_printf_percent$$00000017  0x000002a0   Section        8  _printf_percent_end.o(.ARM.Collect$$_printf_percent$$00000017)
    .ARM.Collect$$libinit$$00000000          0x000002a8   Section        4  libinit.o(.ARM.Collect$$libinit$$00000000)
    .ARM.Collect$$libinit$$00000002          0x000002ac   Section        0  libinit2.o(.ARM.Collect$$libinit$$00000002)
    .ARM.Collect$$libinit$$00000008          0x000002ac   Section        0  libinit2.o(.ARM.Collect$$libinit$$00000008)
    .ARM.Collect$$libinit$$0000000A          0x000002ac   Section        0  libinit2.o(.ARM.Collect$$libinit$$0000000A)
    .ARM.Collect$$libinit$$0000000C          0x000002ac   Section        0  libinit2.o(.ARM.Collect$$libinit$$0000000C)
    .ARM.Collect$$libinit$$0000000F          0x000002ac   Section        0  libinit2.o(.ARM.Collect$$libinit$$0000000F)
    .ARM.Collect$$libinit$$00000011          0x000002ac   Section        0  libinit2.o(.ARM.Collect$$libinit$$00000011)
    .ARM.Collect$$libinit$$00000013          0x000002ac   Section        0  libinit2.o(.ARM.Collect$$libinit$$00000013)
    .ARM.Collect$$libinit$$00000015          0x000002ac   Section        0  libinit2.o(.ARM.Collect$$libinit$$00000015)
    .ARM.Collect$$libinit$$00000017          0x000002ac   Section        0  libinit2.o(.ARM.Collect$$libinit$$00000017)
    .ARM.Collect$$libinit$$00000019          0x000002ac   Section        0  libinit2.o(.ARM.Collect$$libinit$$00000019)
    .ARM.Collect$$libinit$$0000001B          0x000002ac   Section        0  libinit2.o(.ARM.Collect$$libinit$$0000001B)
    .ARM.Collect$$libinit$$0000001D          0x000002ac   Section        0  libinit2.o(.ARM.Collect$$libinit$$0000001D)
    .ARM.Collect$$libinit$$0000001F          0x000002ac   Section        0  libinit2.o(.ARM.Collect$$libinit$$0000001F)
    .ARM.Collect$$libinit$$00000021          0x000002ac   Section        0  libinit2.o(.ARM.Collect$$libinit$$00000021)
    .ARM.Collect$$libinit$$00000023          0x000002ac   Section        0  libinit2.o(.ARM.Collect$$libinit$$00000023)
    .ARM.Collect$$libinit$$0000002A          0x000002ac   Section        0  libinit2.o(.ARM.Collect$$libinit$$0000002A)
    .ARM.Collect$$libinit$$0000002C          0x000002ac   Section        0  libinit2.o(.ARM.Collect$$libinit$$0000002C)
    .ARM.Collect$$libinit$$0000002E          0x000002ac   Section        0  libinit2.o(.ARM.Collect$$libinit$$0000002E)
    .ARM.Collect$$libinit$$00000030          0x000002ac   Section        0  libinit2.o(.ARM.Collect$$libinit$$00000030)
    .ARM.Collect$$libinit$$00000031          0x000002ac   Section        4  libinit2.o(.ARM.Collect$$libinit$$00000031)
    .ARM.Collect$$libshutdown$$00000000      0x000002b0   Section        4  libshutdown.o(.ARM.Collect$$libshutdown$$00000000)
    .ARM.Collect$$libshutdown$$00000003      0x000002b4   Section        0  libshutdown2.o(.ARM.Collect$$libshutdown$$00000003)
    .ARM.Collect$$libshutdown$$00000006      0x000002b4   Section        0  libshutdown2.o(.ARM.Collect$$libshutdown$$00000006)
    .ARM.Collect$$libshutdown$$00000009      0x000002b4   Section        0  libshutdown2.o(.ARM.Collect$$libshutdown$$00000009)
    .ARM.Collect$$libshutdown$$0000000B      0x000002b4   Section        0  libshutdown2.o(.ARM.Collect$$libshutdown$$0000000B)
    .ARM.Collect$$libshutdown$$0000000E      0x000002b4   Section        0  libshutdown2.o(.ARM.Collect$$libshutdown$$0000000E)
    .ARM.Collect$$libshutdown$$0000000F      0x000002b4   Section        4  libshutdown2.o(.ARM.Collect$$libshutdown$$0000000F)
    .ARM.Collect$$rtentry$$00000000          0x000002b8   Section        0  rtentry.o(.ARM.Collect$$rtentry$$00000000)
    .ARM.Collect$$rtentry$$00000002          0x000002b8   Section        0  rtentry2.o(.ARM.Collect$$rtentry$$00000002)
    .ARM.Collect$$rtentry$$00000004          0x000002b8   Section        8  rtentry4.o(.ARM.Collect$$rtentry$$00000004)
    .ARM.Collect$$rtentry$$00000009          0x000002c0   Section        0  rtentry2.o(.ARM.Collect$$rtentry$$00000009)
    .ARM.Collect$$rtentry$$0000000A          0x000002c0   Section        4  rtentry2.o(.ARM.Collect$$rtentry$$0000000A)
    .ARM.Collect$$rtentry$$0000000C          0x000002c4   Section        0  rtentry2.o(.ARM.Collect$$rtentry$$0000000C)
    .ARM.Collect$$rtentry$$0000000D          0x000002c4   Section        8  rtentry2.o(.ARM.Collect$$rtentry$$0000000D)
    .ARM.Collect$$rtexit$$00000000           0x000002cc   Section        4  rtexit.o(.ARM.Collect$$rtexit$$00000000)
    .ARM.Collect$$rtexit$$00000002           0x000002d0   Section        0  rtexit2.o(.ARM.Collect$$rtexit$$00000002)
    .ARM.Collect$$rtexit$$00000003           0x000002d0   Section        4  rtexit2.o(.ARM.Collect$$rtexit$$00000003)
    .ARM.Collect$$rtexit$$00000004           0x000002d4   Section        8  rtexit2.o(.ARM.Collect$$rtexit$$00000004)
    .text                                    0x000002dc   Section        0  main.o(.text)
    .text                                    0x00000448   Section       36  s3c2410a.o(.text)
    .text                                    0x0000046c   Section        0  misc.o(.text)
    .text                                    0x000004a0   Section        0  interrupt.o(.text)
    .text                                    0x00000538   Section        0  hwlcd.o(.text)
    .text                                    0x00000d64   Section        0  mmu.o(.text)
    .text                                    0x00000fa4   Section        0  retarget.o(.text)
    .text                                    0x00000fc0   Section        0  timer.o(.text)
    .text                                    0x000010a4   Section        4  use_no_semi.o(.text)
    .text                                    0x000010a8   Section        0  noretval__2sprintf.o(.text)
    .text                                    0x000010e4   Section        0  __printf.o(.text)
    .text                                    0x000011b0   Section        0  _printf_dec.o(.text)
    .text                                    0x00001264   Section      100  rt_memcpy_w.o(.text)
    .text                                    0x000012c8   Section      380  aeabi_sdiv.o(.text)
    __arm_div8                               0x000012f4   ARM Code       0  aeabi_sdiv.o(.text)
    __arm_div5                               0x00001318   ARM Code       0  aeabi_sdiv.o(.text)
    __arm_div2                               0x0000133c   ARM Code       0  aeabi_sdiv.o(.text)
    __arm_div_large                          0x00001378   ARM Code       0  aeabi_sdiv.o(.text)
    .text                                    0x00001444   Section        0  heapauxi.o(.text)
    .text                                    0x00001450   Section        0  _printf_intcommon.o(.text)
    .text                                    0x00001578   Section        0  _printf_char_common.o(.text)
    _printf_input_char                       0x00001578   ARM Code      20  _printf_char_common.o(.text)
    .text                                    0x000015cc   Section        0  _sputc.o(.text)
    .text                                    0x000015dc   Section       44  rtudiv10.o(.text)
    .text                                    0x00001608   Section       12  libspace.o(.text)
    .text                                    0x00001614   Section       96  sys_stackheap_outer.o(.text)
    .text                                    0x00001674   Section        0  exit.o(.text)
    .text_udiv                               0x00001684   Section       36  aeabi_sdiv.o(.text_udiv)
    C$$code                                  0x000016a8   Section      388  2410slib.o(C$$code)
    .constdata                               0x0000182c   Section      768  font.o(.constdata)
    .data                                    0x08000000   Section        4  timer.o(.data)
    .bss                                     0x08000004   Section       96  libspace.o(.bss)
    HEAP                                     0x08000068   Section    65536  s3c2410a.o(HEAP)
    Heap_Mem                                 0x08000068   Data       65536  s3c2410a.o(HEAP)
    STACK                                    0x08010068   Section     9216  s3c2410a.o(STACK)
    Stack_Mem                                0x08010068   Data        9216  s3c2410a.o(STACK)
    Stack_Top                                0x08012468   Data           0  s3c2410a.o(STACK)

    Global Symbols

    Symbol Name                              Value     Ov Type        Size  Object(Section)

    BuildAttributes$$ARM_ISAv4$S$PE$A:L22$X:L11$S22$IEEE1$~IW$USESV6$~STKCKD$USESV7$~SHL$OTIME$ROPI$EBA8$UX$STANDARDLIB$REQ8$PRES8$EABIv2 0x00000000   Number         0  anon$$obj.o ABSOLUTE
    __ARM_use_no_argv                        0x00000000   Number         0  main.o ABSOLUTE
    __ARM_exceptions_init                     - Undefined Weak Reference
    __alloca_initialize                       - Undefined Weak Reference
    __cpp_initialize__aeabi_                  - Undefined Weak Reference
    __cxa_finalize                            - Undefined Weak Reference
    __rt_locale                               - Undefined Weak Reference
    __sigvec_lookup                           - Undefined Weak Reference
    __user_heap_extent                        - Undefined Weak Reference
    _atexit_init                              - Undefined Weak Reference
    _call_atexit_fns                          - Undefined Weak Reference
    _clock_init                               - Undefined Weak Reference
    _fp_trap_init                             - Undefined Weak Reference
    _fp_trap_shutdown                         - Undefined Weak Reference
    _get_lc_collate                           - Undefined Weak Reference
    _get_lc_ctype                             - Undefined Weak Reference
    _get_lc_monetary                          - Undefined Weak Reference
    _get_lc_numeric                           - Undefined Weak Reference
    _get_lc_time                              - Undefined Weak Reference
    _getenv_init                              - Undefined Weak Reference
    _handle_redirection                       - Undefined Weak Reference
    _initio                                   - Undefined Weak Reference
    _mutex_acquire                            - Undefined Weak Reference
    _mutex_free                               - Undefined Weak Reference
    _mutex_release                            - Undefined Weak Reference
    _printf_post_padding                      - Undefined Weak Reference
    _printf_pre_padding                       - Undefined Weak Reference
    _printf_truncate_signed                   - Undefined Weak Reference
    _printf_truncate_unsigned                 - Undefined Weak Reference
    _rand_init                                - Undefined Weak Reference
    _signal_finish                            - Undefined Weak Reference
    _signal_init                              - Undefined Weak Reference
    _terminateio                              - Undefined Weak Reference
    Reset_Handler                            0x000000c8   ARM Code       0  s3c2410a.o(RESET)
    __main                                   0x00000200   ARM Code       8  __main.o(!!!main)
    __scatterload                            0x00000208   ARM Code       0  __scatter.o(!!!scatter)
    __scatterload_rt2                        0x00000208   ARM Code      52  __scatter.o(!!!scatter)
    __scatterload_null                       0x0000021c   ARM Code       0  __scatter.o(!!!scatter)
    __scatterload_copy                       0x00000244   ARM Code      40  __scatter_copy.o(!!handler_copy)
    __scatterload_zeroinit                   0x0000026c   ARM Code      44  __scatter_zi.o(!!handler_zi)
    _printf_percent                          0x00000298   ARM Code       0  _printf_percent.o(.ARM.Collect$$_printf_percent$$00000000)
    _printf_u                                0x00000298   ARM Code       0  _printf_u.o(.ARM.Collect$$_printf_percent$$0000000A)
    _printf_percent_end                      0x000002a0   ARM Code       0  _printf_percent_end.o(.ARM.Collect$$_printf_percent$$00000017)
    __rt_lib_init                            0x000002a8   ARM Code       0  libinit.o(.ARM.Collect$$libinit$$00000000)
    __rt_lib_init_alloca_1                   0x000002ac   ARM Code       0  libinit2.o(.ARM.Collect$$libinit$$0000002C)
    __rt_lib_init_argv_1                     0x000002ac   ARM Code       0  libinit2.o(.ARM.Collect$$libinit$$0000002A)
    __rt_lib_init_atexit_1                   0x000002ac   ARM Code       0  libinit2.o(.ARM.Collect$$libinit$$00000019)
    __rt_lib_init_clock_1                    0x000002ac   ARM Code       0  libinit2.o(.ARM.Collect$$libinit$$0000001F)
    __rt_lib_init_cpp_1                      0x000002ac   ARM Code       0  libinit2.o(.ARM.Collect$$libinit$$00000030)
    __rt_lib_init_exceptions_1               0x000002ac   ARM Code       0  libinit2.o(.ARM.Collect$$libinit$$0000002E)
    __rt_lib_init_fp_1                       0x000002ac   ARM Code       0  libinit2.o(.ARM.Collect$$libinit$$00000002)
    __rt_lib_init_fp_trap_1                  0x000002ac   ARM Code       0  libinit2.o(.ARM.Collect$$libinit$$0000001D)
    __rt_lib_init_getenv_1                   0x000002ac   ARM Code       0  libinit2.o(.ARM.Collect$$libinit$$00000021)
    __rt_lib_init_heap_1                     0x000002ac   ARM Code       0  libinit2.o(.ARM.Collect$$libinit$$00000008)
    __rt_lib_init_lc_collate_1               0x000002ac   ARM Code       0  libinit2.o(.ARM.Collect$$libinit$$0000000F)
    __rt_lib_init_lc_ctype_1                 0x000002ac   ARM Code       0  libinit2.o(.ARM.Collect$$libinit$$00000011)
    __rt_lib_init_lc_monetary_1              0x000002ac   ARM Code       0  libinit2.o(.ARM.Collect$$libinit$$00000013)
    __rt_lib_init_lc_numeric_1               0x000002ac   ARM Code       0  libinit2.o(.ARM.Collect$$libinit$$00000015)
    __rt_lib_init_lc_time_1                  0x000002ac   ARM Code       0  libinit2.o(.ARM.Collect$$libinit$$00000017)
    __rt_lib_init_rand_1                     0x000002ac   ARM Code       0  libinit2.o(.ARM.Collect$$libinit$$0000000C)
    __rt_lib_init_return                     0x000002ac   ARM Code       0  libinit2.o(.ARM.Collect$$libinit$$00000031)
    __rt_lib_init_signal_1                   0x000002ac   ARM Code       0  libinit2.o(.ARM.Collect$$libinit$$0000001B)
    __rt_lib_init_stdio_1                    0x000002ac   ARM Code       0  libinit2.o(.ARM.Collect$$libinit$$00000023)
    __rt_lib_init_user_alloc_1               0x000002ac   ARM Code       0  libinit2.o(.ARM.Collect$$libinit$$0000000A)
    __rt_lib_shutdown                        0x000002b0   ARM Code       0  libshutdown.o(.ARM.Collect$$libshutdown$$00000000)
    __rt_lib_shutdown_fp_trap_1              0x000002b4   ARM Code       0  libshutdown2.o(.ARM.Collect$$libshutdown$$00000006)
    __rt_lib_shutdown_heap_1                 0x000002b4   ARM Code       0  libshutdown2.o(.ARM.Collect$$libshutdown$$0000000E)
    __rt_lib_shutdown_return                 0x000002b4   ARM Code       0  libshutdown2.o(.ARM.Collect$$libshutdown$$0000000F)
    __rt_lib_shutdown_signal_1               0x000002b4   ARM Code       0  libshutdown2.o(.ARM.Collect$$libshutdown$$00000009)
    __rt_lib_shutdown_stdio_1                0x000002b4   ARM Code       0  libshutdown2.o(.ARM.Collect$$libshutdown$$00000003)
    __rt_lib_shutdown_user_alloc_1           0x000002b4   ARM Code       0  libshutdown2.o(.ARM.Collect$$libshutdown$$0000000B)
    __rt_entry                               0x000002b8   ARM Code       0  rtentry.o(.ARM.Collect$$rtentry$$00000000)
    __rt_entry_presh_1                       0x000002b8   ARM Code       0  rtentry2.o(.ARM.Collect$$rtentry$$00000002)
    __rt_entry_sh                            0x000002b8   ARM Code       0  rtentry4.o(.ARM.Collect$$rtentry$$00000004)
    __rt_entry_li                            0x000002c0   ARM Code       0  rtentry2.o(.ARM.Collect$$rtentry$$0000000A)
    __rt_entry_postsh_1                      0x000002c0   ARM Code       0  rtentry2.o(.ARM.Collect$$rtentry$$00000009)
    __rt_entry_main                          0x000002c4   ARM Code       0  rtentry2.o(.ARM.Collect$$rtentry$$0000000D)
    __rt_entry_postli_1                      0x000002c4   ARM Code       0  rtentry2.o(.ARM.Collect$$rtentry$$0000000C)
    __rt_exit                                0x000002cc   ARM Code       0  rtexit.o(.ARM.Collect$$rtexit$$00000000)
    __rt_exit_ls                             0x000002d0   ARM Code       0  rtexit2.o(.ARM.Collect$$rtexit$$00000003)
    __rt_exit_prels_1                        0x000002d0   ARM Code       0  rtexit2.o(.ARM.Collect$$rtexit$$00000002)
    __rt_exit_exit                           0x000002d4   ARM Code       0  rtexit2.o(.ARM.Collect$$rtexit$$00000004)
    itoa                                     0x000002dc   ARM Code     212  main.o(.text)
    main                                     0x000003b0   ARM Code      96  main.o(.text)
    __user_initial_stackheap                 0x00000448   ARM Code       0  s3c2410a.o(.text)
    Delay                                    0x0000046c   ARM Code      40  misc.o(.text)
    Delayus                                  0x00000494   ARM Code      12  misc.o(.text)
    IRQ_Dummy                                0x000004a0   ARM Code       4  interrupt.o(.text)
    IRQ_Init                                 0x000004a4   ARM Code      52  interrupt.o(.text)
    IRQ_RegISR                               0x000004d8   ARM Code      20  interrupt.o(.text)
    IRQ_UnregISR                             0x000004ec   ARM Code      24  interrupt.o(.text)
    IRQ_Mask                                 0x00000504   ARM Code      24  interrupt.o(.text)
    IRQ_Unmask                               0x0000051c   ARM Code      24  interrupt.o(.text)
    LCD_WriteDat                             0x00000538   ARM Code     152  hwlcd.o(.text)
    LCD_IOInit                               0x000005d0   ARM Code     128  hwlcd.o(.text)
    LCD_Init                                 0x00000650   ARM Code     348  hwlcd.o(.text)
    LCD_Clear                                0x000007ac   ARM Code      32  hwlcd.o(.text)
    LCD_CInit                                0x000007cc   ARM Code      96  hwlcd.o(.text)
    LCD_Point                                0x0000082c   ARM Code      88  hwlcd.o(.text)
    LCD_XLine                                0x00000884   ARM Code      84  hwlcd.o(.text)
    LCD_YLine                                0x000008d8   ARM Code      84  hwlcd.o(.text)
    LCD_Line                                 0x0000092c   ARM Code     328  hwlcd.o(.text)
    LCD_Circle                               0x00000a74   ARM Code     372  hwlcd.o(.text)
    LCD_Rect                                 0x00000be8   ARM Code     108  hwlcd.o(.text)
    LCD_Display_ASCII_5X7_Chr                0x00000c54   ARM Code     144  hwlcd.o(.text)
    LCD_String                               0x00000ce4   ARM Code     100  hwlcd.o(.text)
    MMU_SetMTT                               0x00000d64   ARM Code      60  mmu.o(.text)
    MMU_Init                                 0x00000da0   ARM Code     360  mmu.o(.text)
    ChangeRomCacheStatus                     0x00000f08   ARM Code     128  mmu.o(.text)
    fputc                                    0x00000fa4   ARM Code       4  retarget.o(.text)
    fgetc                                    0x00000fa8   ARM Code       8  retarget.o(.text)
    ferror                                   0x00000fb0   ARM Code       8  retarget.o(.text)
    _ttywrch                                 0x00000fb8   ARM Code       4  retarget.o(.text)
    _sys_exit                                0x00000fbc   ARM Code       4  retarget.o(.text)
    Tim4_IntHandler                          0x00000fc0   ARM Code      44  timer.o(.text)
    Tim4_Init                                0x00000fec   ARM Code     108  timer.o(.text)
    Tim4_Start                               0x00001058   ARM Code      68  timer.o(.text)
    __I$use$semihosting                      0x000010a4   ARM Code       0  use_no_semi.o(.text)
    __use_no_semihosting_swi                 0x000010a4   ARM Code       4  use_no_semi.o(.text)
    __2sprintf                               0x000010a8   ARM Code      56  noretval__2sprintf.o(.text)
    __printf                                 0x000010e4   ARM Code     204  __printf.o(.text)
    _printf_int_dec                          0x000011b0   ARM Code     164  _printf_dec.o(.text)
    __aeabi_memcpy4                          0x00001264   ARM Code       0  rt_memcpy_w.o(.text)
    __aeabi_memcpy8                          0x00001264   ARM Code       0  rt_memcpy_w.o(.text)
    __rt_memcpy_w                            0x00001264   ARM Code     100  rt_memcpy_w.o(.text)
    _memcpy_lastbytes_aligned                0x000012b0   ARM Code       0  rt_memcpy_w.o(.text)
    __aeabi_idiv                             0x000012c8   ARM Code       0  aeabi_sdiv.o(.text)
    __aeabi_idivmod                          0x000012c8   ARM Code     380  aeabi_sdiv.o(.text)
    __use_two_region_memory                  0x00001444   ARM Code       4  heapauxi.o(.text)
    __rt_heap_escrow                         0x00001448   ARM Code       4  heapauxi.o(.text)
    __rt_heap_expand                         0x0000144c   ARM Code       4  heapauxi.o(.text)
    _printf_int_common                       0x00001450   ARM Code     296  _printf_intcommon.o(.text)
    _printf_char_common                      0x0000158c   ARM Code      60  _printf_char_common.o(.text)
    _sputc                                   0x000015cc   ARM Code      16  _sputc.o(.text)
    __rt_udiv10                              0x000015dc   ARM Code      44  rtudiv10.o(.text)
    __user_libspace                          0x00001608   ARM Code      12  libspace.o(.text)
    __user_perproc_libspace                  0x00001608   ARM Code       0  libspace.o(.text)
    __user_perthread_libspace                0x00001608   ARM Code       0  libspace.o(.text)
    __user_setup_stackheap                   0x00001614   ARM Code      96  sys_stackheap_outer.o(.text)
    exit                                     0x00001674   ARM Code      16  exit.o(.text)
    __aeabi_uidiv                            0x00001684   ARM Code       0  aeabi_sdiv.o(.text_udiv)
    __aeabi_uidivmod                         0x00001684   ARM Code      36  aeabi_sdiv.o(.text_udiv)
    SET_IF                                   0x000016a8   ARM Code       0  2410slib.o(C$$code)
    WR_IF                                    0x000016bc   ARM Code       0  2410slib.o(C$$code)
    CLR_IF                                   0x000016c4   ARM Code       0  2410slib.o(C$$code)
    MMU_EnableICache                         0x000016d4   ARM Code       0  2410slib.o(C$$code)
    MMU_DisableICache                        0x000016e4   ARM Code       0  2410slib.o(C$$code)
    MMU_EnableDCache                         0x000016f4   ARM Code       0  2410slib.o(C$$code)
    MMU_DisableDCache                        0x00001704   ARM Code       0  2410slib.o(C$$code)
    MMU_EnableAlignFault                     0x00001714   ARM Code       0  2410slib.o(C$$code)
    MMU_DisableAlignFault                    0x00001724   ARM Code       0  2410slib.o(C$$code)
    MMU_EnableMMU                            0x00001734   ARM Code       0  2410slib.o(C$$code)
    MMU_DisableMMU                           0x00001744   ARM Code       0  2410slib.o(C$$code)
    MMU_SetFastBusMode                       0x00001754   ARM Code       0  2410slib.o(C$$code)
    MMU_SetAsyncBusMode                      0x00001764   ARM Code       0  2410slib.o(C$$code)
    MMU_SetTTBase                            0x00001774   ARM Code       0  2410slib.o(C$$code)
    MMU_SetDomain                            0x0000177c   ARM Code       0  2410slib.o(C$$code)
    MMU_InvalidateIDCache                    0x00001784   ARM Code       0  2410slib.o(C$$code)
    MMU_InvalidateICache                     0x0000178c   ARM Code       0  2410slib.o(C$$code)
    MMU_InvalidateICacheMVA                  0x00001794   ARM Code       0  2410slib.o(C$$code)
    MMU_PrefetchICacheMVA                    0x0000179c   ARM Code       0  2410slib.o(C$$code)
    MMU_InvalidateDCache                     0x000017a4   ARM Code       0  2410slib.o(C$$code)
    MMU_InvalidateDCacheMVA                  0x000017ac   ARM Code       0  2410slib.o(C$$code)
    MMU_CleanDCacheMVA                       0x000017b4   ARM Code       0  2410slib.o(C$$code)
    MMU_CleanInvalidateDCacheMVA             0x000017bc   ARM Code       0  2410slib.o(C$$code)
    MMU_CleanDCacheIndex                     0x000017c4   ARM Code       0  2410slib.o(C$$code)
    MMU_CleanInvalidateDCacheIndex           0x000017cc   ARM Code       0  2410slib.o(C$$code)
    MMU_WaitForInterrupt                     0x000017d4   ARM Code       0  2410slib.o(C$$code)
    MMU_InvalidateTLB                        0x000017dc   ARM Code       0  2410slib.o(C$$code)
    MMU_InvalidateITLB                       0x000017e4   ARM Code       0  2410slib.o(C$$code)
    MMU_InvalidateITLBMVA                    0x000017ec   ARM Code       0  2410slib.o(C$$code)
    MMU_InvalidateDTLB                       0x000017f4   ARM Code       0  2410slib.o(C$$code)
    MMU_InvalidateDTLBMVA                    0x000017fc   ARM Code       0  2410slib.o(C$$code)
    MMU_SetDCacheLockdownBase                0x00001804   ARM Code       0  2410slib.o(C$$code)
    MMU_SetICacheLockdownBase                0x0000180c   ARM Code       0  2410slib.o(C$$code)
    MMU_SetDTLBLockdown                      0x00001814   ARM Code       0  2410slib.o(C$$code)
    MMU_SetITLBLockdown                      0x0000181c   ARM Code       0  2410slib.o(C$$code)
    MMU_SetProcessId                         0x00001824   ARM Code       0  2410slib.o(C$$code)
    Font_Ascii_5X7E                          0x0000182c   Data         768  font.o(.constdata)
    Region$$Table$$Base                      0x00001b2c   Number         0  anon$$obj.o(Region$$Table)
    Region$$Table$$Limit                     0x00001b4c   Number         0  anon$$obj.o(Region$$Table)
    SysTick                                  0x08000000   Data           4  timer.o(.data)
    __libspace_start                         0x08000004   Data          96  libspace.o(.bss)
    __temporary_stack_top$libspace           0x08000064   Data           0  libspace.o(.bss)



==============================================================================

Memory Map of the image

  Image Entry point : 0x00000200

  Load Region LR_ROM1 (Base: 0x00000000, Size: 0x00001b50, Max: 0x00080000, ABSOLUTE)

    Execution Region ER_ROM1 (Base: 0x00000000, Size: 0x00001b4c, Max: 0x00080000, ABSOLUTE)

    Base Addr    Size         Type   Attr      Idx    E Section Name        Object

    0x00000000   0x00000200   Code   RO           49    RESET               s3c2410a.o
    0x00000200   0x00000008   Code   RO          326  * !!!main             c_4.l(__main.o)
    0x00000208   0x0000003c   Code   RO          543    !!!scatter          c_4.l(__scatter.o)
    0x00000244   0x00000028   Code   RO          545    !!handler_copy      c_4.l(__scatter_copy.o)
    0x0000026c   0x0000002c   Code   RO          547    !!handler_zi        c_4.l(__scatter_zi.o)
    0x00000298   0x00000000   Code   RO          303    .ARM.Collect$$_printf_percent$$00000000  c_4.l(_printf_percent.o)
    0x00000298   0x00000008   Code   RO          302    .ARM.Collect$$_printf_percent$$0000000A  c_4.l(_printf_u.o)
    0x000002a0   0x00000008   Code   RO          366    .ARM.Collect$$_printf_percent$$00000017  c_4.l(_printf_percent_end.o)
    0x000002a8   0x00000004   Code   RO          487    .ARM.Collect$$libinit$$00000000  c_4.l(libinit.o)
    0x000002ac   0x00000000   Code   RO          374    .ARM.Collect$$libinit$$00000002  c_4.l(libinit2.o)
    0x000002ac   0x00000000   Code   RO          377    .ARM.Collect$$libinit$$00000008  c_4.l(libinit2.o)
    0x000002ac   0x00000000   Code   RO          379    .ARM.Collect$$libinit$$0000000A  c_4.l(libinit2.o)
    0x000002ac   0x00000000   Code   RO          381    .ARM.Collect$$libinit$$0000000C  c_4.l(libinit2.o)
    0x000002ac   0x00000000   Code   RO          384    .ARM.Collect$$libinit$$0000000F  c_4.l(libinit2.o)
    0x000002ac   0x00000000   Code   RO          386    .ARM.Collect$$libinit$$00000011  c_4.l(libinit2.o)
    0x000002ac   0x00000000   Code   RO          388    .ARM.Collect$$libinit$$00000013  c_4.l(libinit2.o)
    0x000002ac   0x00000000   Code   RO          390    .ARM.Collect$$libinit$$00000015  c_4.l(libinit2.o)
    0x000002ac   0x00000000   Code   RO          392    .ARM.Collect$$libinit$$00000017  c_4.l(libinit2.o)
    0x000002ac   0x00000000   Code   RO          394    .ARM.Collect$$libinit$$00000019  c_4.l(libinit2.o)
    0x000002ac   0x00000000   Code   RO          396    .ARM.Collect$$libinit$$0000001B  c_4.l(libinit2.o)
    0x000002ac   0x00000000   Code   RO          398    .ARM.Collect$$libinit$$0000001D  c_4.l(libinit2.o)
    0x000002ac   0x00000000   Code   RO          400    .ARM.Collect$$libinit$$0000001F  c_4.l(libinit2.o)
    0x000002ac   0x00000000   Code   RO          402    .ARM.Collect$$libinit$$00000021  c_4.l(libinit2.o)
    0x000002ac   0x00000000   Code   RO          404    .ARM.Collect$$libinit$$00000023  c_4.l(libinit2.o)
    0x000002ac   0x00000000   Code   RO          408    .ARM.Collect$$libinit$$0000002A  c_4.l(libinit2.o)
    0x000002ac   0x00000000   Code   RO          410    .ARM.Collect$$libinit$$0000002C  c_4.l(libinit2.o)
    0x000002ac   0x00000000   Code   RO          412    .ARM.Collect$$libinit$$0000002E  c_4.l(libinit2.o)
    0x000002ac   0x00000000   Code   RO          414    .ARM.Collect$$libinit$$00000030  c_4.l(libinit2.o)
    0x000002ac   0x00000004   Code   RO          415    .ARM.Collect$$libinit$$00000031  c_4.l(libinit2.o)
    0x000002b0   0x00000004   Code   RO          540    .ARM.Collect$$libshutdown$$00000000  c_4.l(libshutdown.o)
    0x000002b4   0x00000000   Code   RO          502    .ARM.Collect$$libshutdown$$00000003  c_4.l(libshutdown2.o)
    0x000002b4   0x00000000   Code   RO          505    .ARM.Collect$$libshutdown$$00000006  c_4.l(libshutdown2.o)
    0x000002b4   0x00000000   Code   RO          508    .ARM.Collect$$libshutdown$$00000009  c_4.l(libshutdown2.o)
    0x000002b4   0x00000000   Code   RO          510    .ARM.Collect$$libshutdown$$0000000B  c_4.l(libshutdown2.o)
    0x000002b4   0x00000000   Code   RO          513    .ARM.Collect$$libshutdown$$0000000E  c_4.l(libshutdown2.o)
    0x000002b4   0x00000004   Code   RO          514    .ARM.Collect$$libshutdown$$0000000F  c_4.l(libshutdown2.o)
    0x000002b8   0x00000000   Code   RO          330    .ARM.Collect$$rtentry$$00000000  c_4.l(rtentry.o)
    0x000002b8   0x00000000   Code   RO          422    .ARM.Collect$$rtentry$$00000002  c_4.l(rtentry2.o)
    0x000002b8   0x00000008   Code   RO          434    .ARM.Collect$$rtentry$$00000004  c_4.l(rtentry4.o)
    0x000002c0   0x00000000   Code   RO          424    .ARM.Collect$$rtentry$$00000009  c_4.l(rtentry2.o)
    0x000002c0   0x00000004   Code   RO          425    .ARM.Collect$$rtentry$$0000000A  c_4.l(rtentry2.o)
    0x000002c4   0x00000000   Code   RO          427    .ARM.Collect$$rtentry$$0000000C  c_4.l(rtentry2.o)
    0x000002c4   0x00000008   Code   RO          428    .ARM.Collect$$rtentry$$0000000D  c_4.l(rtentry2.o)
    0x000002cc   0x00000004   Code   RO          488    .ARM.Collect$$rtexit$$00000000  c_4.l(rtexit.o)
    0x000002d0   0x00000000   Code   RO          516    .ARM.Collect$$rtexit$$00000002  c_4.l(rtexit2.o)
    0x000002d0   0x00000004   Code   RO          517    .ARM.Collect$$rtexit$$00000003  c_4.l(rtexit2.o)
    0x000002d4   0x00000008   Code   RO          518    .ARM.Collect$$rtexit$$00000004  c_4.l(rtexit2.o)
    0x000002dc   0x0000016c   Code   RO            1    .text               main.o
    0x00000448   0x00000024   Code   RO           50    .text               s3c2410a.o
    0x0000046c   0x00000034   Code   RO           68    .text               misc.o
    0x000004a0   0x00000098   Code   RO           87    .text               interrupt.o
    0x00000538   0x0000082c   Code   RO          120    .text               hwlcd.o
    0x00000d64   0x00000240   Code   RO          151    .text               mmu.o
    0x00000fa4   0x0000001c   Code   RO          166    .text               retarget.o
    0x00000fc0   0x000000e4   Code   RO          192    .text               timer.o
    0x000010a4   0x00000004   Code   RO          212    .text               c_4.l(use_no_semi.o)
    0x000010a8   0x0000003c   Code   RO          278    .text               c_4.l(noretval__2sprintf.o)
    0x000010e4   0x000000cc   Code   RO          280    .text               c_4.l(__printf.o)
    0x000011b0   0x000000b4   Code   RO          282    .text               c_4.l(_printf_dec.o)
    0x00001264   0x00000064   Code   RO          304    .text               c_4.l(rt_memcpy_w.o)
    0x000012c8   0x0000017c   Code   RO          308    .text               c_4.l(aeabi_sdiv.o)
    0x00001444   0x0000000c   Code   RO          324    .text               c_4.l(heapauxi.o)
    0x00001450   0x00000128   Code   RO          360    .text               c_4.l(_printf_intcommon.o)
    0x00001578   0x00000054   Code   RO          362    .text               c_4.l(_printf_char_common.o)
    0x000015cc   0x00000010   Code   RO          364    .text               c_4.l(_sputc.o)
    0x000015dc   0x0000002c   Code   RO          369    .text               c_4.l(rtudiv10.o)
    0x00001608   0x0000000c   Code   RO          418    .text               c_4.l(libspace.o)
    0x00001614   0x00000060   Code   RO          462    .text               c_4.l(sys_stackheap_outer.o)
    0x00001674   0x00000010   Code   RO          468    .text               c_4.l(exit.o)
    0x00001684   0x00000024   Code   RO          309    .text_udiv          c_4.l(aeabi_sdiv.o)
    0x000016a8   0x00000184   Code   RO          163    C$$code             2410slib.o
    0x0000182c   0x00000300   Data   RO           80    .constdata          font.o
    0x00001b2c   0x00000020   Data   RO          541    Region$$Table       anon$$obj.o


    Execution Region RW_RAM1 (Base: 0x08000000, Size: 0x00012468, Max: 0x00038000, ABSOLUTE)

    Base Addr    Size         Type   Attr      Idx    E Section Name        Object

    0x08000000   0x00000004   Data   RW          193    .data               timer.o
    0x08000004   0x00000060   Zero   RW          419    .bss                c_4.l(libspace.o)
    0x08000064   0x00000004   PAD
    0x08000068   0x00010000   Zero   RW           48    HEAP                s3c2410a.o
    0x08010068   0x00002400   Zero   RW           47    STACK               s3c2410a.o


==============================================================================

Image component sizes


      Code (inc. data)   RO Data    RW Data    ZI Data      Debug   Object Name

       388          0          0          0          0        344   2410slib.o
         0          0        768          0          0        350   font.o
      2092         28          0          0          0       4391   hwlcd.o
       152          4          0          0          0       1197   interrupt.o
       364         56          0          0          0       2476   main.o
        52          0          0          0          0        616   misc.o
       576         28          0          0          0       1199   mmu.o
        28          0          0          0          0       2287   retarget.o
       548        168          0          0      74752        572   s3c2410a.o
       228          8          0          4          0       1109   timer.o

    ----------------------------------------------------------------------
      4428        292        800          4      74752      14541   Object Totals
         0          0         32          0          0          0   (incl. Generated)
         0          0          0          0          0          0   (incl. Padding)

    ----------------------------------------------------------------------

      Code (inc. data)   RO Data    RW Data    ZI Data      Debug   Library Member Name

         8          0          0          0          0         68   __main.o
       204          0          0          0          0         96   __printf.o
        60          8          0          0          0          0   __scatter.o
        40          0          0          0          0          0   __scatter_copy.o
        44          0          0          0          0          0   __scatter_zi.o
        84          4          0          0          0         96   _printf_char_common.o
       180         16          0          0          0        100   _printf_dec.o
       296          0          0          0          0        100   _printf_intcommon.o
         0          0          0          0          0          0   _printf_percent.o
         8          0          0          0          0          0   _printf_percent_end.o
         8          0          0          0          0          0   _printf_u.o
        16          0          0          0          0         68   _sputc.o
       416          0          0          0          0        144   aeabi_sdiv.o
        16          0          0          0          0         72   exit.o
        12          0          0          0          0        152   heapauxi.o
         4          0          0          0          0          0   libinit.o
         4          0          0          0          0          0   libinit2.o
         4          0          0          0          0          0   libshutdown.o
         4          0          0          0          0          0   libshutdown2.o
        12          4          0          0         96         68   libspace.o
        60          4          0          0          0         84   noretval__2sprintf.o
       100          0          0          0          0         80   rt_memcpy_w.o
         0          0          0          0          0          0   rtentry.o
        12          0          0          0          0          0   rtentry2.o
         8          0          0          0          0          0   rtentry4.o
         4          0          0          0          0          0   rtexit.o
        12          0          0          0          0          0   rtexit2.o
        44          0          0          0          0         68   rtudiv10.o
        96          0          0          0          0         80   sys_stackheap_outer.o
         4          0          0          0          0         68   use_no_semi.o

    ----------------------------------------------------------------------
      1760         36          0          0        100       1344   Library Totals
         0          0          0          0          4          0   (incl. Padding)

    ----------------------------------------------------------------------

      Code (inc. data)   RO Data    RW Data    ZI Data      Debug   Library Name

      1760         36          0          0         96       1344   c_4.l

    ----------------------------------------------------------------------
      1760         36          0          0        100       1344   Library Totals

    ----------------------------------------------------------------------

==============================================================================


      Code (inc. data)   RO Data    RW Data    ZI Data      Debug   

      6188        328        800          4      74852      14533   Grand Totals
      6188        328        800          4      74852      14533   ELF Image Totals
      6188        328        800          4          0          0   ROM Totals

==============================================================================

    Total RO  Size (Code + RO Data)                 6988 (   6.82kB)
    Total RW  Size (RW Data + ZI Data)             74856 (  73.10kB)
    Total ROM Size (Code + RO Data + RW Data)       6992 (   6.83kB)

==============================================================================

